Generator 1
Generator received hi
1
Generator received hi
2
Generator received hi
3
Generator received hi
4
Generator received hi
Shutting down generator
Generator exhausted, returned undefined
Generator 2
Shutting down generator
undefined
Generator exhausted, returned undefined
Generator 3
Generator caught [Error: injected error]
Shutting down generator
generator exhausted, returned undefined
Testing return value
Generator 4
Generator exhausted, returned 2
Testing yield*
Generator 5
1
2
0
2
4
0
3
6
Generator exhausted, returned undefined
Generator 6
Inner generator caught [Error: injected error]
2
4
0
3
6
Generator exhausted, returned undefined
